../Core/Src/main.c:86:6:Send_Data_To_IoT	88	static
../Core/Src/main.c:97:6:Delay_us_Rough	24	static,ignoring_inline_asm
../Core/Src/main.c:107:6:Play_Tone	24	static
../Core/Src/main.c:122:6:Play_Referee_Whistle	16	static
../Core/Src/main.c:132:6:Play_Goal_Sound	16	static
../Core/Src/main.c:142:6:Play_LED_Sequence	16	static
../Core/Src/main.c:171:6:Score_Increment	8	static
../Core/Src/main.c:177:6:Score_Decrement	8	static
../Core/Src/main.c:186:6:Play_Buzzer	16	static
../Core/Src/main.c:200:5:main	8	static
../Core/Src/main.c:310:6:SystemClock_Config	88	static
../Core/Src/main.c:356:13:MX_ADC1_Init	24	static
../Core/Src/main.c:415:13:MX_TIM3_Init	40	static
../Core/Src/main.c:460:13:MX_USART2_UART_Init	8	static
../Core/Src/main.c:508:13:MX_GPIO_Init	56	static
../Core/Src/main.c:571:6:HAL_GPIO_EXTI_Falling_Callback	24	static
../Core/Src/main.c:629:6:HAL_TIM_PeriodElapsedCallback	16	static
../Core/Src/main.c:662:6:Error_Handler	8	static,ignoring_inline_asm
